0	1	mikroCPIC1618.exe -MSF -DBG -pP18F2525 -DL -O11111114 -fo25 -N"C:\Users\Student 1\Documents\Hortikultura\Master\Master.mcppi" -SP"C:\Users\Public\Documents\Mikroelektronika\mikroC PRO for PIC\defs\" -SP"C:\Users\Public\Documents\Mikroelektronika\mikroC PRO for PIC\uses\P18\" -SP"C:\Users\Student 1\Documents\Hortikultura\Master\" -SP"C:\Users\Student 1\Documents\PES\Archive\Master\" -SP"C:\Program Files (x86)\Mikroelektronika\mikroC PRO for PIC\defs\" -SP"C:\Program Files (x86)\Mikroelektronika\mikroC PRO for PIC\uses\P18\" -SP"I:\Predmeti\ProjektovanjeElektonskihSistema\Studenti\08_MarjanDjordjevic\Program\Program\" -SP"D:\Users\Borko\Predmeti\Projektovanje elektronskih sistema\Studenti2019\08_MarjanDjordjevic\Program\Program\" -SP"C:\Users\Student 1\Documents\PES\Archive\commons\" -SP"C:\Users\Student 1\Documents\Hortikultura\commons\" -IP"C:\Users\Student 1\Documents\PES\Archive\commons\" -IP"C:\Users\Student 1\Documents\Hortikultura\commons\" "Master.c" "__Lib_Math.mcl" "__Lib_MathDouble.mcl" "__Lib_System.mcl" "__Lib_Delays.mcl" "__Lib_CString.mcl" "__Lib_Conversions.mcl" "__Lib_SPI_c345.mcl" "__Lib_UART_c67.mcl" "__Lib_LcdConsts.mcl" "__Lib_Lcd.mcl" "__Lib_EthEnc28j60.mcl"	 
warning: 0	1501	Specified search path does not exist: 'C:\Users\Student 1\Documents\PES\Archive\Master'	 
warning: 0	1501	Specified search path does not exist: 'C:\Program Files (x86)\Mikroelektronika\mikroC PRO for PIC\defs'	 
warning: 0	1501	Specified search path does not exist: 'C:\Program Files (x86)\Mikroelektronika\mikroC PRO for PIC\uses\P18'	 
warning: 0	1501	Specified search path does not exist: 'I:\Predmeti\ProjektovanjeElektonskihSistema\Studenti\08_MarjanDjordjevic\Program\Program'	 
warning: 0	1501	Specified search path does not exist: 'D:\Users\Borko\Predmeti\Projektovanje elektronskih sistema\Studenti2019\08_MarjanDjordjevic\Program\Program'	 
warning: 0	1501	Specified search path does not exist: 'C:\Users\Student 1\Documents\PES\Archive\commons'	 
warning: 0	1502	Specified include path does not exist: 'C:\Users\Student 1\Documents\PES\Archive\commons'	 
hint: 0	1138	Available RAM: 3947 [bytes], Available ROM: 49152 [bytes]	 
diagnostics: 0	126	All files Preprocessed in 47 ms	 
diagnostics: 0	122	Compilation Started	Master.c
warning: 148	1509	Generated baud rate is 19290 bps (error = 0.47 percent)	Master.c
diagnostics: 609	123	Compiled Successfully	Master.c
diagnostics: 0	127	All files Compiled in 172 ms	 
hint: 0	1143	Used RAM (bytes): 794 (20%)  Free RAM (bytes): 3153 (80%)	Used RAM (bytes): 794 (20%)  Free RAM (bytes): 3153 (80%)
hint: 0	1143	Used ROM (bytes): 14431 (29%)  Free ROM (bytes): 34721 (71%)	Used ROM (bytes): 14431 (29%)  Free ROM (bytes): 34721 (71%)
diagnostics: 0	125	Project Linked Successfully	Master.mcppi
diagnostics: 0	128	Linked in 656 ms	 
diagnostics: 0	129	Project 'Master.mcppi' completed: 1015 ms	 
diagnostics: 0	103	Finished successfully: 25 May 2026, 17:41:38	Master.mcppi
